>function argumentValidation(x,~,v,method,flag, opts)
#^^^^^^^^ source.matlab meta.function.matlab storage.type.function.matlab
#        ^ source.matlab meta.function.matlab
#         ^^^^^^^^^^^^^^^^^^ source.matlab meta.function.matlab meta.function.declaration.matlab entity.name.function.matlab
#                           ^ source.matlab meta.function.matlab meta.function.declaration.matlab meta.parameters.matlab punctuation.definition.parameters.begin.matlab
#                            ^ source.matlab meta.function.matlab meta.function.declaration.matlab meta.parameters.matlab variable.parameter.input.matlab
#                             ^ source.matlab meta.function.matlab meta.function.declaration.matlab meta.parameters.matlab punctuation.separator.parameter.comma.matlab
#                              ^ source.matlab meta.function.matlab meta.function.declaration.matlab meta.parameters.matlab variable.language.anonymous.matlab
#                               ^ source.matlab meta.function.matlab meta.function.declaration.matlab meta.parameters.matlab punctuation.separator.parameter.comma.matlab
#                                ^ source.matlab meta.function.matlab meta.function.declaration.matlab meta.parameters.matlab variable.parameter.input.matlab
#                                 ^ source.matlab meta.function.matlab meta.function.declaration.matlab meta.parameters.matlab punctuation.separator.parameter.comma.matlab
#                                  ^^^^^^ source.matlab meta.function.matlab meta.function.declaration.matlab meta.parameters.matlab variable.parameter.input.matlab
#                                        ^ source.matlab meta.function.matlab meta.function.declaration.matlab meta.parameters.matlab punctuation.separator.parameter.comma.matlab
#                                         ^^^^ source.matlab meta.function.matlab meta.function.declaration.matlab meta.parameters.matlab variable.parameter.input.matlab
#                                             ^ source.matlab meta.function.matlab meta.function.declaration.matlab meta.parameters.matlab punctuation.separator.parameter.comma.matlab
#                                              ^ source.matlab meta.function.matlab meta.function.declaration.matlab meta.parameters.matlab
#                                               ^^^^ source.matlab meta.function.matlab meta.function.declaration.matlab meta.parameters.matlab variable.parameter.input.matlab
#                                                   ^ source.matlab meta.function.matlab meta.function.declaration.matlab meta.parameters.matlab punctuation.definition.parameters.end.matlab
>    % Comment before arguments blocks
#^^^^ source.matlab meta.function.matlab punctuation.whitespace.comment.leading.matlab
#    ^ source.matlab meta.function.matlab comment.line.percentage.matlab punctuation.definition.comment.matlab
#     ^^^^^^^^^^^^^^^^^^^^^^^^^^^^^^^^ source.matlab meta.function.matlab comment.line.percentage.matlab
>    arguments
#^^^^ source.matlab meta.function.matlab meta.arguments.matlab
#    ^^^^^^^^^ source.matlab meta.function.matlab meta.arguments.matlab keyword.control.arguments.matlab
>        % Block comment
#^^^^^^^^ source.matlab meta.function.matlab meta.arguments.matlab punctuation.whitespace.comment.leading.matlab
#        ^ source.matlab meta.function.matlab meta.arguments.matlab comment.line.percentage.matlab punctuation.definition.comment.matlab
#         ^^^^^^^^^^^^^^ source.matlab meta.function.matlab meta.arguments.matlab comment.line.percentage.matlab
>        x (1,:) {mustBeNumeric,mustBeReal} % trailing coment
#^^^^^^^^ source.matlab meta.function.matlab meta.arguments.matlab meta.assignment.definition.property.matlab
#        ^ source.matlab meta.function.matlab meta.arguments.matlab meta.assignment.definition.property.matlab variable.object.property.matlab
#         ^ source.matlab meta.function.matlab meta.arguments.matlab meta.assignment.definition.property.matlab
#          ^ source.matlab meta.function.matlab meta.arguments.matlab meta.assignment.definition.property.matlab punctuation.section.parens.begin.matlab
#           ^ source.matlab meta.function.matlab meta.arguments.matlab meta.assignment.definition.property.matlab meta.parens.size.matlab constant.numeric.decimal.matlab
#            ^ source.matlab meta.function.matlab meta.arguments.matlab meta.assignment.definition.property.matlab meta.parens.size.matlab punctuation.separator.comma.matlab
#             ^ source.matlab meta.function.matlab meta.arguments.matlab meta.assignment.definition.property.matlab meta.parens.size.matlab keyword.operator.vector.colon.matlab
#              ^ source.matlab meta.function.matlab meta.arguments.matlab meta.assignment.definition.property.matlab punctuation.section.parens.end.matlab
#               ^ source.matlab meta.function.matlab meta.arguments.matlab meta.assignment.definition.property.matlab
#                ^ source.matlab meta.function.matlab meta.arguments.matlab meta.assignment.definition.property.matlab punctuation.section.block.begin.matlab
#                 ^^^^^^^^^^^^^ source.matlab meta.function.matlab meta.arguments.matlab meta.assignment.definition.property.matlab meta.block.validation.matlab variable.other.readwrite.matlab
#                              ^ source.matlab meta.function.matlab meta.arguments.matlab meta.assignment.definition.property.matlab meta.block.validation.matlab
#                               ^^^^^^^^^^ source.matlab meta.function.matlab meta.arguments.matlab meta.assignment.definition.property.matlab meta.block.validation.matlab variable.other.readwrite.matlab
#                                         ^ source.matlab meta.function.matlab meta.arguments.matlab meta.assignment.definition.property.matlab punctuation.section.block.end.matlab
#                                          ^ source.matlab meta.function.matlab meta.arguments.matlab meta.assignment.definition.property.matlab
#                                           ^ source.matlab meta.function.matlab meta.arguments.matlab meta.assignment.definition.property.matlab comment.line.percentage.matlab punctuation.definition.comment.matlab
#                                            ^^^^^^^^^^^^^^^^ source.matlab meta.function.matlab meta.arguments.matlab meta.assignment.definition.property.matlab comment.line.percentage.matlab
>        ~
#^^^^^^^^^^ source.matlab meta.function.matlab meta.arguments.matlab
>        % Line comment
#^^^^^^^^ source.matlab meta.function.matlab meta.arguments.matlab punctuation.whitespace.comment.leading.matlab
#        ^ source.matlab meta.function.matlab meta.arguments.matlab comment.line.percentage.matlab punctuation.definition.comment.matlab
#         ^^^^^^^^^^^^^ source.matlab meta.function.matlab meta.arguments.matlab comment.line.percentage.matlab
>        v (1,:) {mustBeNumeric,mustBeReal, mustBeEqualSize(v,x)}
#^^^^^^^^ source.matlab meta.function.matlab meta.arguments.matlab meta.assignment.definition.property.matlab
#        ^ source.matlab meta.function.matlab meta.arguments.matlab meta.assignment.definition.property.matlab variable.object.property.matlab
#         ^ source.matlab meta.function.matlab meta.arguments.matlab meta.assignment.definition.property.matlab
#          ^ source.matlab meta.function.matlab meta.arguments.matlab meta.assignment.definition.property.matlab punctuation.section.parens.begin.matlab
#           ^ source.matlab meta.function.matlab meta.arguments.matlab meta.assignment.definition.property.matlab meta.parens.size.matlab constant.numeric.decimal.matlab
#            ^ source.matlab meta.function.matlab meta.arguments.matlab meta.assignment.definition.property.matlab meta.parens.size.matlab punctuation.separator.comma.matlab
#             ^ source.matlab meta.function.matlab meta.arguments.matlab meta.assignment.definition.property.matlab meta.parens.size.matlab keyword.operator.vector.colon.matlab
#              ^ source.matlab meta.function.matlab meta.arguments.matlab meta.assignment.definition.property.matlab punctuation.section.parens.end.matlab
#               ^ source.matlab meta.function.matlab meta.arguments.matlab meta.assignment.definition.property.matlab
#                ^ source.matlab meta.function.matlab meta.arguments.matlab meta.assignment.definition.property.matlab punctuation.section.block.begin.matlab
#                 ^^^^^^^^^^^^^ source.matlab meta.function.matlab meta.arguments.matlab meta.assignment.definition.property.matlab meta.block.validation.matlab variable.other.readwrite.matlab
#                              ^ source.matlab meta.function.matlab meta.arguments.matlab meta.assignment.definition.property.matlab meta.block.validation.matlab
#                               ^^^^^^^^^^ source.matlab meta.function.matlab meta.arguments.matlab meta.assignment.definition.property.matlab meta.block.validation.matlab variable.other.readwrite.matlab
#                                         ^^ source.matlab meta.function.matlab meta.arguments.matlab meta.assignment.definition.property.matlab meta.block.validation.matlab
#                                           ^^^^^^^^^^^^^^^ source.matlab meta.function.matlab meta.arguments.matlab meta.assignment.definition.property.matlab meta.block.validation.matlab meta.function-call.parens.matlab entity.name.function.matlab
#                                                          ^ source.matlab meta.function.matlab meta.arguments.matlab meta.assignment.definition.property.matlab meta.block.validation.matlab meta.function-call.parens.matlab punctuation.section.parens.begin.matlab
#                                                           ^ source.matlab meta.function.matlab meta.arguments.matlab meta.assignment.definition.property.matlab meta.block.validation.matlab meta.function-call.parens.matlab variable.other.readwrite.matlab
#                                                            ^ source.matlab meta.function.matlab meta.arguments.matlab meta.assignment.definition.property.matlab meta.block.validation.matlab meta.function-call.parens.matlab punctuation.separator.comma.matlab
#                                                             ^ source.matlab meta.function.matlab meta.arguments.matlab meta.assignment.definition.property.matlab meta.block.validation.matlab meta.function-call.parens.matlab variable.other.readwrite.matlab
#                                                              ^ source.matlab meta.function.matlab meta.arguments.matlab meta.assignment.definition.property.matlab meta.block.validation.matlab meta.function-call.parens.matlab punctuation.section.parens.end.matlab
#                                                               ^ source.matlab meta.function.matlab meta.arguments.matlab meta.assignment.definition.property.matlab punctuation.section.block.end.matlab
>        method (1,:) char {mustBeMember(method,{'linear','cubic','spline'})} = 'linear' % End of line comment
#^^^^^^^^ source.matlab meta.function.matlab meta.arguments.matlab meta.assignment.definition.property.matlab
#        ^^^^^^ source.matlab meta.function.matlab meta.arguments.matlab meta.assignment.definition.property.matlab variable.object.property.matlab
#              ^ source.matlab meta.function.matlab meta.arguments.matlab meta.assignment.definition.property.matlab
#               ^ source.matlab meta.function.matlab meta.arguments.matlab meta.assignment.definition.property.matlab punctuation.section.parens.begin.matlab
#                ^ source.matlab meta.function.matlab meta.arguments.matlab meta.assignment.definition.property.matlab meta.parens.size.matlab constant.numeric.decimal.matlab
#                 ^ source.matlab meta.function.matlab meta.arguments.matlab meta.assignment.definition.property.matlab meta.parens.size.matlab punctuation.separator.comma.matlab
#                  ^ source.matlab meta.function.matlab meta.arguments.matlab meta.assignment.definition.property.matlab meta.parens.size.matlab keyword.operator.vector.colon.matlab
#                   ^ source.matlab meta.function.matlab meta.arguments.matlab meta.assignment.definition.property.matlab punctuation.section.parens.end.matlab
#                    ^ source.matlab meta.function.matlab meta.arguments.matlab meta.assignment.definition.property.matlab
#                     ^^^^ source.matlab meta.function.matlab meta.arguments.matlab meta.assignment.definition.property.matlab storage.type.matlab
#                         ^ source.matlab meta.function.matlab meta.arguments.matlab meta.assignment.definition.property.matlab
#                          ^ source.matlab meta.function.matlab meta.arguments.matlab meta.assignment.definition.property.matlab punctuation.section.block.begin.matlab
#                           ^^^^^^^^^^^^ source.matlab meta.function.matlab meta.arguments.matlab meta.assignment.definition.property.matlab meta.block.validation.matlab meta.function-call.parens.matlab entity.name.function.matlab
#                                       ^ source.matlab meta.function.matlab meta.arguments.matlab meta.assignment.definition.property.matlab meta.block.validation.matlab meta.function-call.parens.matlab punctuation.section.parens.begin.matlab
#                                        ^^^^^^ source.matlab meta.function.matlab meta.arguments.matlab meta.assignment.definition.property.matlab meta.block.validation.matlab meta.function-call.parens.matlab variable.other.readwrite.matlab
#                                              ^ source.matlab meta.function.matlab meta.arguments.matlab meta.assignment.definition.property.matlab meta.block.validation.matlab meta.function-call.parens.matlab punctuation.separator.comma.matlab
#                                               ^ source.matlab meta.function.matlab meta.arguments.matlab meta.assignment.definition.property.matlab meta.block.validation.matlab meta.function-call.parens.matlab punctuation.section.braces.begin.matlab
#                                                ^ source.matlab meta.function.matlab meta.arguments.matlab meta.assignment.definition.property.matlab meta.block.validation.matlab meta.function-call.parens.matlab meta.cell.literal.matlab string.quoted.single.matlab punctuation.definition.string.begin.matlab
#                                                 ^^^^^^ source.matlab meta.function.matlab meta.arguments.matlab meta.assignment.definition.property.matlab meta.block.validation.matlab meta.function-call.parens.matlab meta.cell.literal.matlab string.quoted.single.matlab
#                                                       ^ source.matlab meta.function.matlab meta.arguments.matlab meta.assignment.definition.property.matlab meta.block.validation.matlab meta.function-call.parens.matlab meta.cell.literal.matlab string.quoted.single.matlab punctuation.definition.string.end.matlab
#                                                        ^ source.matlab meta.function.matlab meta.arguments.matlab meta.assignment.definition.property.matlab meta.block.validation.matlab meta.function-call.parens.matlab meta.cell.literal.matlab punctuation.separator.comma.matlab
#                                                         ^ source.matlab meta.function.matlab meta.arguments.matlab meta.assignment.definition.property.matlab meta.block.validation.matlab meta.function-call.parens.matlab meta.cell.literal.matlab string.quoted.single.matlab punctuation.definition.string.begin.matlab
#                                                          ^^^^^ source.matlab meta.function.matlab meta.arguments.matlab meta.assignment.definition.property.matlab meta.block.validation.matlab meta.function-call.parens.matlab meta.cell.literal.matlab string.quoted.single.matlab
#                                                               ^ source.matlab meta.function.matlab meta.arguments.matlab meta.assignment.definition.property.matlab meta.block.validation.matlab meta.function-call.parens.matlab meta.cell.literal.matlab string.quoted.single.matlab punctuation.definition.string.end.matlab
#                                                                ^ source.matlab meta.function.matlab meta.arguments.matlab meta.assignment.definition.property.matlab meta.block.validation.matlab meta.function-call.parens.matlab meta.cell.literal.matlab punctuation.separator.comma.matlab
#                                                                 ^ source.matlab meta.function.matlab meta.arguments.matlab meta.assignment.definition.property.matlab meta.block.validation.matlab meta.function-call.parens.matlab meta.cell.literal.matlab string.quoted.single.matlab punctuation.definition.string.begin.matlab
#                                                                  ^^^^^^ source.matlab meta.function.matlab meta.arguments.matlab meta.assignment.definition.property.matlab meta.block.validation.matlab meta.function-call.parens.matlab meta.cell.literal.matlab string.quoted.single.matlab
#                                                                        ^ source.matlab meta.function.matlab meta.arguments.matlab meta.assignment.definition.property.matlab meta.block.validation.matlab meta.function-call.parens.matlab meta.cell.literal.matlab string.quoted.single.matlab punctuation.definition.string.end.matlab
#                                                                         ^ source.matlab meta.function.matlab meta.arguments.matlab meta.assignment.definition.property.matlab meta.block.validation.matlab meta.function-call.parens.matlab punctuation.section.braces.end.matlab
#                                                                          ^ source.matlab meta.function.matlab meta.arguments.matlab meta.assignment.definition.property.matlab meta.block.validation.matlab meta.function-call.parens.matlab punctuation.section.parens.end.matlab
#                                                                           ^ source.matlab meta.function.matlab meta.arguments.matlab meta.assignment.definition.property.matlab punctuation.section.block.end.matlab
#                                                                            ^ source.matlab meta.function.matlab meta.arguments.matlab meta.assignment.definition.property.matlab
#                                                                             ^ source.matlab meta.function.matlab meta.arguments.matlab meta.assignment.definition.property.matlab keyword.operator.assignment.matlab
#                                                                              ^ source.matlab meta.function.matlab meta.arguments.matlab meta.assignment.definition.property.matlab
#                                                                               ^ source.matlab meta.function.matlab meta.arguments.matlab meta.assignment.definition.property.matlab string.quoted.single.matlab punctuation.definition.string.begin.matlab
#                                                                                ^^^^^^ source.matlab meta.function.matlab meta.arguments.matlab meta.assignment.definition.property.matlab string.quoted.single.matlab
#                                                                                      ^ source.matlab meta.function.matlab meta.arguments.matlab meta.assignment.definition.property.matlab string.quoted.single.matlab punctuation.definition.string.end.matlab
#                                                                                       ^ source.matlab meta.function.matlab meta.arguments.matlab meta.assignment.definition.property.matlab
#                                                                                        ^ source.matlab meta.function.matlab meta.arguments.matlab meta.assignment.definition.property.matlab comment.line.percentage.matlab punctuation.definition.comment.matlab
#                                                                                         ^^^^^^^^^^^^^^^^^^^^ source.matlab meta.function.matlab meta.arguments.matlab meta.assignment.definition.property.matlab comment.line.percentage.matlab
>        % End block comment
#^^^^^^^^ source.matlab meta.function.matlab meta.arguments.matlab punctuation.whitespace.comment.leading.matlab
#        ^ source.matlab meta.function.matlab meta.arguments.matlab comment.line.percentage.matlab punctuation.definition.comment.matlab
#         ^^^^^^^^^^^^^^^^^^ source.matlab meta.function.matlab meta.arguments.matlab comment.line.percentage.matlab
>    end
#^^^^ source.matlab meta.function.matlab meta.arguments.matlab
#    ^^^ source.matlab meta.function.matlab meta.arguments.matlab keyword.control.end.arguments.matlab
>    arguments (Repeating)
#^^^^ source.matlab meta.function.matlab meta.arguments.matlab
#    ^^^^^^^^^ source.matlab meta.function.matlab meta.arguments.matlab keyword.control.arguments.matlab
#             ^ source.matlab meta.function.matlab meta.arguments.matlab meta.arguments.declaration.matlab
#              ^ source.matlab meta.function.matlab meta.arguments.matlab meta.arguments.declaration.matlab punctuation.section.parens.begin.matlab
#               ^^^^^^^^^ source.matlab meta.function.matlab meta.arguments.matlab meta.arguments.declaration.matlab storage.modifier.arguments.matlab
#                        ^ source.matlab meta.function.matlab meta.arguments.matlab meta.arguments.declaration.matlab punctuation.section.parens.end.matlab
>        % Trailing flags
#^^^^^^^^ source.matlab meta.function.matlab meta.arguments.matlab punctuation.whitespace.comment.leading.matlab
#        ^ source.matlab meta.function.matlab meta.arguments.matlab comment.line.percentage.matlab punctuation.definition.comment.matlab
#         ^^^^^^^^^^^^^^^ source.matlab meta.function.matlab meta.arguments.matlab comment.line.percentage.matlab
>        flag (1,:) string {mustBeMember(flag,["first","second","third"])}
#^^^^^^^^ source.matlab meta.function.matlab meta.arguments.matlab meta.assignment.definition.property.matlab
#        ^^^^ source.matlab meta.function.matlab meta.arguments.matlab meta.assignment.definition.property.matlab variable.object.property.matlab
#            ^ source.matlab meta.function.matlab meta.arguments.matlab meta.assignment.definition.property.matlab
#             ^ source.matlab meta.function.matlab meta.arguments.matlab meta.assignment.definition.property.matlab punctuation.section.parens.begin.matlab
#              ^ source.matlab meta.function.matlab meta.arguments.matlab meta.assignment.definition.property.matlab meta.parens.size.matlab constant.numeric.decimal.matlab
#               ^ source.matlab meta.function.matlab meta.arguments.matlab meta.assignment.definition.property.matlab meta.parens.size.matlab punctuation.separator.comma.matlab
#                ^ source.matlab meta.function.matlab meta.arguments.matlab meta.assignment.definition.property.matlab meta.parens.size.matlab keyword.operator.vector.colon.matlab
#                 ^ source.matlab meta.function.matlab meta.arguments.matlab meta.assignment.definition.property.matlab punctuation.section.parens.end.matlab
#                  ^ source.matlab meta.function.matlab meta.arguments.matlab meta.assignment.definition.property.matlab
#                   ^^^^^^ source.matlab meta.function.matlab meta.arguments.matlab meta.assignment.definition.property.matlab storage.type.matlab
#                         ^ source.matlab meta.function.matlab meta.arguments.matlab meta.assignment.definition.property.matlab
#                          ^ source.matlab meta.function.matlab meta.arguments.matlab meta.assignment.definition.property.matlab punctuation.section.block.begin.matlab
#                           ^^^^^^^^^^^^ source.matlab meta.function.matlab meta.arguments.matlab meta.assignment.definition.property.matlab meta.block.validation.matlab meta.function-call.parens.matlab entity.name.function.matlab
#                                       ^ source.matlab meta.function.matlab meta.arguments.matlab meta.assignment.definition.property.matlab meta.block.validation.matlab meta.function-call.parens.matlab punctuation.section.parens.begin.matlab
#                                        ^^^^ source.matlab meta.function.matlab meta.arguments.matlab meta.assignment.definition.property.matlab meta.block.validation.matlab meta.function-call.parens.matlab variable.other.readwrite.matlab
#                                            ^ source.matlab meta.function.matlab meta.arguments.matlab meta.assignment.definition.property.matlab meta.block.validation.matlab meta.function-call.parens.matlab punctuation.separator.comma.matlab
#                                             ^ source.matlab meta.function.matlab meta.arguments.matlab meta.assignment.definition.property.matlab meta.block.validation.matlab meta.function-call.parens.matlab punctuation.section.brackets.begin.matlab
#                                              ^ source.matlab meta.function.matlab meta.arguments.matlab meta.assignment.definition.property.matlab meta.block.validation.matlab meta.function-call.parens.matlab meta.brackets.matlab string.quoted.double.matlab punctuation.definition.string.begin.matlab
#                                               ^^^^^ source.matlab meta.function.matlab meta.arguments.matlab meta.assignment.definition.property.matlab meta.block.validation.matlab meta.function-call.parens.matlab meta.brackets.matlab string.quoted.double.matlab
#                                                    ^ source.matlab meta.function.matlab meta.arguments.matlab meta.assignment.definition.property.matlab meta.block.validation.matlab meta.function-call.parens.matlab meta.brackets.matlab string.quoted.double.matlab punctuation.definition.string.end.matlab
#                                                     ^ source.matlab meta.function.matlab meta.arguments.matlab meta.assignment.definition.property.matlab meta.block.validation.matlab meta.function-call.parens.matlab meta.brackets.matlab punctuation.separator.comma.matlab
#                                                      ^ source.matlab meta.function.matlab meta.arguments.matlab meta.assignment.definition.property.matlab meta.block.validation.matlab meta.function-call.parens.matlab meta.brackets.matlab string.quoted.double.matlab punctuation.definition.string.begin.matlab
#                                                       ^^^^^^ source.matlab meta.function.matlab meta.arguments.matlab meta.assignment.definition.property.matlab meta.block.validation.matlab meta.function-call.parens.matlab meta.brackets.matlab string.quoted.double.matlab
#                                                             ^ source.matlab meta.function.matlab meta.arguments.matlab meta.assignment.definition.property.matlab meta.block.validation.matlab meta.function-call.parens.matlab meta.brackets.matlab string.quoted.double.matlab punctuation.definition.string.end.matlab
#                                                              ^ source.matlab meta.function.matlab meta.arguments.matlab meta.assignment.definition.property.matlab meta.block.validation.matlab meta.function-call.parens.matlab meta.brackets.matlab punctuation.separator.comma.matlab
#                                                               ^ source.matlab meta.function.matlab meta.arguments.matlab meta.assignment.definition.property.matlab meta.block.validation.matlab meta.function-call.parens.matlab meta.brackets.matlab string.quoted.double.matlab punctuation.definition.string.begin.matlab
#                                                                ^^^^^ source.matlab meta.function.matlab meta.arguments.matlab meta.assignment.definition.property.matlab meta.block.validation.matlab meta.function-call.parens.matlab meta.brackets.matlab string.quoted.double.matlab
#                                                                     ^ source.matlab meta.function.matlab meta.arguments.matlab meta.assignment.definition.property.matlab meta.block.validation.matlab meta.function-call.parens.matlab meta.brackets.matlab string.quoted.double.matlab punctuation.definition.string.end.matlab
#                                                                      ^ source.matlab meta.function.matlab meta.arguments.matlab meta.assignment.definition.property.matlab meta.block.validation.matlab meta.function-call.parens.matlab punctuation.section.brackets.end.matlab
#                                                                       ^ source.matlab meta.function.matlab meta.arguments.matlab meta.assignment.definition.property.matlab meta.block.validation.matlab meta.function-call.parens.matlab punctuation.section.parens.end.matlab
#                                                                        ^ source.matlab meta.function.matlab meta.arguments.matlab meta.assignment.definition.property.matlab punctuation.section.block.end.matlab
>    end
#^^^^ source.matlab meta.function.matlab meta.arguments.matlab
#    ^^^ source.matlab meta.function.matlab meta.arguments.matlab keyword.control.end.arguments.matlab
>    arguments
#^^^^ source.matlab meta.function.matlab meta.arguments.matlab
#    ^^^^^^^^^ source.matlab meta.function.matlab meta.arguments.matlab keyword.control.arguments.matlab
>        opts.Named (1,:) string {mustBeNumeric(opts.Named), ... Dotdotdot comment
#^^^^^^^^ source.matlab meta.function.matlab meta.arguments.matlab meta.assignment.definition.property.matlab
#        ^^^^^^^^^^ source.matlab meta.function.matlab meta.arguments.matlab meta.assignment.definition.property.matlab variable.object.property.matlab
#                  ^ source.matlab meta.function.matlab meta.arguments.matlab meta.assignment.definition.property.matlab
#                   ^ source.matlab meta.function.matlab meta.arguments.matlab meta.assignment.definition.property.matlab punctuation.section.parens.begin.matlab
#                    ^ source.matlab meta.function.matlab meta.arguments.matlab meta.assignment.definition.property.matlab meta.parens.size.matlab constant.numeric.decimal.matlab
#                     ^ source.matlab meta.function.matlab meta.arguments.matlab meta.assignment.definition.property.matlab meta.parens.size.matlab punctuation.separator.comma.matlab
#                      ^ source.matlab meta.function.matlab meta.arguments.matlab meta.assignment.definition.property.matlab meta.parens.size.matlab keyword.operator.vector.colon.matlab
#                       ^ source.matlab meta.function.matlab meta.arguments.matlab meta.assignment.definition.property.matlab punctuation.section.parens.end.matlab
#                        ^ source.matlab meta.function.matlab meta.arguments.matlab meta.assignment.definition.property.matlab
#                         ^^^^^^ source.matlab meta.function.matlab meta.arguments.matlab meta.assignment.definition.property.matlab storage.type.matlab
#                               ^ source.matlab meta.function.matlab meta.arguments.matlab meta.assignment.definition.property.matlab
#                                ^ source.matlab meta.function.matlab meta.arguments.matlab meta.assignment.definition.property.matlab punctuation.section.block.begin.matlab
#                                 ^^^^^^^^^^^^^ source.matlab meta.function.matlab meta.arguments.matlab meta.assignment.definition.property.matlab meta.block.validation.matlab meta.function-call.parens.matlab entity.name.function.matlab
#                                              ^ source.matlab meta.function.matlab meta.arguments.matlab meta.assignment.definition.property.matlab meta.block.validation.matlab meta.function-call.parens.matlab punctuation.section.parens.begin.matlab
#                                               ^^^^ source.matlab meta.function.matlab meta.arguments.matlab meta.assignment.definition.property.matlab meta.block.validation.matlab meta.function-call.parens.matlab variable.other.readwrite.matlab
#                                                   ^ source.matlab meta.function.matlab meta.arguments.matlab meta.assignment.definition.property.matlab meta.block.validation.matlab meta.function-call.parens.matlab punctuation.accessor.dot.matlab
#                                                    ^^^^^ source.matlab meta.function.matlab meta.arguments.matlab meta.assignment.definition.property.matlab meta.block.validation.matlab meta.function-call.parens.matlab variable.other.property.matlab
#                                                         ^ source.matlab meta.function.matlab meta.arguments.matlab meta.assignment.definition.property.matlab meta.block.validation.matlab meta.function-call.parens.matlab punctuation.section.parens.end.matlab
#                                                          ^^ source.matlab meta.function.matlab meta.arguments.matlab meta.assignment.definition.property.matlab meta.block.validation.matlab
#                                                            ^^^ source.matlab meta.function.matlab meta.arguments.matlab meta.assignment.definition.property.matlab meta.block.validation.matlab meta.continuation.line.matlab punctuation.separator.continuation.line.matlab
#                                                               ^^^^^^^^^^^^^^^^^^ source.matlab meta.function.matlab meta.arguments.matlab meta.assignment.definition.property.matlab meta.block.validation.matlab meta.continuation.line.matlab comment.continuation.line.matlab
>                                 mustBeReal}
#^^^^^^^^^^^^^^^^^^^^^^^^^^^^^^^^^ source.matlab meta.function.matlab meta.arguments.matlab meta.assignment.definition.property.matlab meta.block.validation.matlab
#                                 ^^^^^^^^^^ source.matlab meta.function.matlab meta.arguments.matlab meta.assignment.definition.property.matlab meta.block.validation.matlab variable.other.readwrite.matlab
#                                           ^ source.matlab meta.function.matlab meta.arguments.matlab meta.assignment.definition.property.matlab punctuation.section.block.end.matlab
>    end
#^^^^ source.matlab meta.function.matlab meta.arguments.matlab
#    ^^^ source.matlab meta.function.matlab meta.arguments.matlab keyword.control.end.arguments.matlab
>end
#^^^ source.matlab meta.function.matlab storage.type.function.end.matlab